// Jest Snapshot v1, https://goo.gl/fbAQLP

exports[`renders correctly 1`] = `
<button
  className="sc-bdVaJa lfqBkn"
  onClick={[Function]}
>
  <audio>
    <source
      src={undefined}
    />
  </audio>
</button>
`;
