// Jest Snapshot v1, https://goo.gl/fbAQLP

exports[`the ColorButtonContainer component renders correctly 1`] = `
<div
  className="colorButtonContainer"
>
  <button
    className="sc-bdVaJa ivxUti"
    onClick={[Function]}
  >
    <audio>
      <source
        src="https://s3.amazonaws.com/freecodecamp/simonSound1.mp3"
      />
    </audio>
  </button>
  <button
    className="sc-bdVaJa hBZMzp"
    onClick={[Function]}
  >
    <audio>
      <source
        src="https://s3.amazonaws.com/freecodecamp/simonSound2.mp3"
      />
    </audio>
  </button>
  <button
    className="sc-bdVaJa ihYLjM"
    onClick={[Function]}
  >
    <audio>
      <source
        src="https://s3.amazonaws.com/freecodecamp/simonSound3.mp3"
      />
    </audio>
  </button>
  <button
    className="sc-bdVaJa lfqBkn"
    onClick={[Function]}
  >
    <audio>
      <source
        src="https://s3.amazonaws.com/freecodecamp/simonSound4.mp3"
      />
    </audio>
  </button>
</div>
`;
