// Jest Snapshot v1, https://goo.gl/fbAQLP

exports[`the Display component renders correctly 1`] = `
<div
  className="sc-bdVaJa iuEQjT"
>
  <p />
</div>
`;
